// Jest Snapshot v1, https://goo.gl/fbAQLP

exports[`The component should return return the exact HTML 1`] = `
<h1>
  Hello World
</h1>
`;
